# serializer version: 1
# name: test_form_component__renders_value[False]
  '''
  
  
  
      
          <div id="component-dashapp1testdashboardcomponenttest-inner" class="dashboard-component-inner fade-in">
              
  <form hx-get="/dash/app1/testdashboard/test/@form/?key=dashapp1testdashboardcomponenttest" hx-trigger="change" hx-swap="outerHTML" hx-target="#component-dashapp1testdashboardcomponenttest-inner"><table class="table form-table"><tbody><tr><td><label for="id_number">Number:</label><br></td><td><select name="number" id="id_number"><option value="one">one</option><option value="two">two</option><option value="three">three</option></select></td></tr></tbody></table></form>
          </div>
      
  
  
  
  '''
# ---
# name: test_form_component__renders_value[True]
  '''
  
  
  
      
          <div id="component-dashapp1testdashboardcomponenttest-inner" class="dashboard-component-inner fade-in">
              
  <form hx-get="/dash/app1/testdashboard/test/@form/?key=dashapp1testdashboardcomponenttest" hx-trigger="change" hx-swap="outerHTML" hx-target="#component-dashapp1testdashboardcomponenttest-inner"><table class="table form-table"><tbody><tr><td><label for="id_number">Number:</label><br></td><td><select name="number" id="id_number"><option value="one">one</option><option value="two">two</option><option value="three">three</option></select></td></tr></tbody></table></form>
          </div>
      
  
  
  
  '''
# ---
