# serializer version: 1
# name: test_post_ajax
  b'successform'
# ---
